// Jest Snapshot v1, https://goo.gl/fbAQLP

exports[`Shield component should render where hasTooltip is false 1`] = `
<span>
  <span>
    <QuestionIcon
      aria-hidden={false}
      aria-label="Unknown"
      color="#737679"
      noVerticalAlign={false}
      size="sm"
    />
     
    Unknown
  </span>
</span>
`;

exports[`Shield component should render where impact value is 1 1`] = `
<span>
  <span>
    <QuestionIcon
      aria-hidden={false}
      aria-label="Unknown"
      color="#737679"
      noVerticalAlign={false}
      size="sm"
    />
     
    Unknown
  </span>
</span>
`;

exports[`Shield component should render where impact value is 2 1`] = `
<span>
  <span>
    <QuestionIcon
      aria-hidden={false}
      aria-label="Unknown"
      color="#737679"
      noVerticalAlign={false}
      size="sm"
    />
     
    Unknown
  </span>
</span>
`;

exports[`Shield component should render where impact value is 3 1`] = `
<span>
  <span>
    <QuestionIcon
      aria-hidden={false}
      aria-label="Unknown"
      color="#737679"
      noVerticalAlign={false}
      size="sm"
    />
     
    Unknown
  </span>
</span>
`;

exports[`Shield component should render where impact value is 4 1`] = `
<span>
  <span>
    <QuestionIcon
      aria-hidden={false}
      aria-label="Unknown"
      color="#737679"
      noVerticalAlign={false}
      size="sm"
    />
     
    Unknown
  </span>
</span>
`;

exports[`Shield component should render where impact value is Critical 1`] = `
<span>
  <span>
    <QuestionIcon
      aria-hidden={false}
      aria-label="Unknown"
      color="#737679"
      noVerticalAlign={false}
      size="sm"
    />
     
    Unknown
  </span>
</span>
`;

exports[`Shield component should render where impact value is Low 1`] = `
<span>
  <span>
    <QuestionIcon
      aria-hidden={false}
      aria-label="Unknown"
      color="#737679"
      noVerticalAlign={false}
      size="sm"
    />
     
    Unknown
  </span>
</span>
`;

exports[`Shield component should render where impact value is NonExist 1`] = `
<span>
  <span>
    <QuestionIcon
      aria-hidden={false}
      aria-label="Unknown"
      color="#737679"
      noVerticalAlign={false}
      size="sm"
    />
     
    Unknown
  </span>
</span>
`;

exports[`Shield component should render where impact value is empty string 1`] = `
<span>
  <span>
    <QuestionIcon
      aria-hidden={false}
      aria-label="Unknown"
      color="#737679"
      noVerticalAlign={false}
      size="sm"
    />
     
    Unknown
  </span>
</span>
`;

exports[`Shield component should render where impact value is undefined 1`] = `
<span>
  <span>
    <QuestionIcon
      aria-hidden={false}
      aria-label="Unknown"
      color="#737679"
      noVerticalAlign={false}
      size="sm"
    />
     
    Unknown
  </span>
</span>
`;

exports[`Shield component should render with label 1`] = `
<span>
  <span>
    <QuestionIcon
      aria-hidden={false}
      aria-label="Unknown"
      color="#737679"
      noVerticalAlign={false}
      size="sm"
    />
     
    Unknown
  </span>
</span>
`;

exports[`Shield component should render without props 1`] = `
<span>
  <span>
    <QuestionIcon
      aria-hidden={false}
      aria-label="Unknown"
      color="#737679"
      noVerticalAlign={false}
      size="sm"
    />
     
    Unknown
  </span>
</span>
`;
